N:=2;
VARC:=(ZIGZAG(CLOSE,N,1)>REF(ZIGZAG(CLOSE,N,1),1)) AND (REF(ZIGZAG(CLOSE,N,1),1)<=REF(ZIGZAG(CLOSE,N,1),2)) AND (REF(ZIGZAG(CLOSE,N,1),2)<=REF(ZIGZAG(CLOSE,N,1),3)); VARD:=(ZIGZAG(CLOSE,N,1)=REF(ZIGZAG(CLOSE,N,1),2)) AND (REF(ZIGZAG(CLOSE,N,1),2)>=REF(ZIGZAG(CLOSE,N,1),3));
//DRAWLINE(VARC,0,1,100,colorred),LINETHICK3;
//DRAWLINE(VARD,0,1,100,colorgreen),LINETHICK3;
RSV:=(CLOSE-LLV(LOW,9))/(HHV(HIGH,9)-LLV(LOW,9))100; K:=SMA(RSV,3,1); D:=SMA(K,3,1); J:=VAR_3K-VAR_2D; VAR1:=(CLOSE-LLV(LOW,45))/(HHV(HIGH,45)-LLV(LOW,45))100;
VAR2:=SMA(VAR1,3,1);
VAR3:=SMA(VAR2,3,1);
VAR4:=VAR_3SMA((CLOSE-LLV(LOW,27))/(HHV(HIGH,27)-LLV(LOW,27))100,5,1)-VAR_2SMA(SMA((CLOSE-LLV(LOW,27))/(HHV(HIGH,27)-LLV(LOW,27))100,5,1),3,1);
BQ:=IF(CROSS(10,VAR4),1,1),coloryellow;
VAR5:=CROSS(VAR4,10) AND VAR3<12; 抄底:=IF(VAR5,10,0),COLORFF00DD; VAR6:=(VAR_2CLOSE+HIGH+LOW)/4; VAR7:=LLV(LOW,26); VAR8:=HHV(HIGH,30); VAR9:=EMA((VAR6-VAR7)/(VAR8-VAR7)100,9); VAR10:=EMA((0.VAR_667REF(VAR9,1)+0.VAR_337VAR9),2); 逃顶:=IF(CROSS(VAR10,VAR9) AND VAR10>85,90,100),COLOR0088EE;
VAR112:=(HHV(HIGH,10)-CLOSE)/(HHV(HIGH,10)-LLV(LOW,10))100; VAR113:=(CLOSE-LLV(LOW,10))/(HHV(HIGH,10)-LLV(LOW,10))100;
多方:=(SMA(VAR113,3,1)-1),colormagenta;
空方:=(SMA(VAR112,3,1)-1),coloryellow;

N1:=22;
N2:=51;
N3:=72;//N,N1,N2,N3黄色三角
M:=16;//红色三角
VAR11:=ZIGZAG(C,N,0)>REF(ZIGZAG(C,N,0),1) AND REF(ZIGZAG(C,N,0),1)<=REF(ZIGZAG(C,6,0),2) AND REF(ZIGZAG(C,N,0),2)<=REF(ZIGZAG(C,N,0),3); VAR12:=ZIGZAG(C,N,0)=REF(ZIGZAG(C,N,0),2) AND REF(ZIGZAG(C,N,0),2)>=REF(ZIGZAG(C,6,0),3);
VAR13:=ZIGZAG(C,N1,0)>REF(ZIGZAG(C,N1,0),1) AND REF(ZIGZAG(C,N1,0),1)<=REF(ZIGZAG(C,N1,0),2) AND REF (ZIGZAG(C,N1,0),2)<=REF(ZIGZAG(C,N1,0),3); VAR14:=ZIGZAG(C,N1,0)=REF(ZIGZAG(C,N1,0),2) AND REF (ZIGZAG(C,N1,0),2)>=REF(ZIGZAG(C,N1,0),3);
VAR15:=ZIGZAG(C,N2,0)>REF(ZIGZAG(C,N2,0),1) AND REF(ZIGZAG(C,N2,0),1)<=REF(ZIGZAG(C,N2,0),2) AND REF (ZIGZAG(C,N2,0),2)<=REF(ZIGZAG(C,N2,0),3); VAR16:=ZIGZAG(C,N2,0)=REF(ZIGZAG(C,N2,0),2) AND REF (ZIGZAG(C,N2,0),2)>=REF(ZIGZAG(C,N2,0),3);
VAR17:=ZIGZAG(C,N3,0)>REF(ZIGZAG(C,N3,0),1) AND REF(ZIGZAG(C,N3,0),1)<=REF(ZIGZAG(C,N3,0),2) AND REF (ZIGZAG(C,N3,0),2)<=REF(ZIGZAG(C,N3,0),3); VAR18:=ZIGZAG(C,N3,0)=REF(ZIGZAG(C,N3,0),2) AND REF (ZIGZAG(C,N3,0),2)>=REF(ZIGZAG(C,N3,0),3);
大黑马:=(VAR10)8,colorred,LINETHICK2; 买入:=(VAR11+VAR13+VAR15+VAR17)8,coloryellow,LINETHICK2;
VAR10A:=IF(PEAKBARS(C,M,1,0)=0 AND HIGH>LOW+0.04,4,0);
VAR11A:=ZIGZAG(C,N,0)=REF(ZIGZAG(C,6,0),2) AND REF(ZIGZAG(C,N,0),2)>=REF(ZIGZAG(C,N,0),3);
VAR13A:=ZIGZAG(C,N1,0)=REF(ZIGZAG(C,N1,0),2) AND REF (ZIGZAG(C,N1,0),2)>=REF(ZIGZAG(C,N1,0),3);
VAR15A:=ZIGZAG(C,N2,0)=REF(ZIGZAG(C,N2,0),2) AND REF (ZIGZAG(C,N2,0),2)>=REF(ZIGZAG(C,N2,0),3);
VAR17A:=ZIGZAG(C,N3,0)=REF(ZIGZAG(C,N3,0),2) AND REF (ZIGZAG(C,N3,0),2)>=REF(ZIGZAG(C,N3,0),3);
大黑马A:=0-(VAR10A)8,colorwhite,LINETHICK2; 卖出:=0-(VAR11A+VAR13A+VAR15A+VAR17A)8,colorgreen,LINETHICK2;
AAA:=大黑马>0 OR 买入=32;
BBB:=大黑马A>0 OR 卖出=-32;
XXX:=买入>0  AND  REF(大黑马>0,1);
YYY:=卖出<0  AND  REF(大黑马A<0,1); //DRAWSL(BARSLAST(XXX)BARSLAST(YYY) OR EXIST(XXX,BARSCOUNT(C))=0 AND EXIST(YYY,BARSCOUNT(C)),0,0,1,0,colorgreen),LINETHICK3;
Q:=买入>16 AND REF(大黑马>0,1) OR VARC;
W:=卖出<-16 AND REF(大黑马A<0,1) OR VARD; //DRAWICON(买入>0  AND  REF(大黑马>0,1) AND (BARSLAST(Q)BARSLAST(W) OR EXIST(Q,BARSCOUNT(C))=0) AND EXIST(W,BARSCOUNT(C)),0,2);

//DRAWICON(买入>0  AND  REF(大黑马>0,1) AND (BARSLAST(Q)BARSLAST(W) OR EXIST(Q,BARSCOUNT(C))=0) AND EXIST(W,BARSCOUNT(C)),0,2);

//100;

AAA1:=(买入>0 AND REF(大黑马,1)>0 AND 买入<=REF(大黑马,1) AND 买入>REF(大黑马,1)1/2); BBB1:=(卖出<0 AND REF(大黑马A,1)<0 AND 卖出>=REF(大黑马A,1) AND 卖出1/2);

DRAWTEXT(VARC AND 买入>0, 100, '●'),colorred /* [对齐失效] 同花顺不支持VALIGN，若文字重叠请手动加减本行的价格参数(如 +10) */;
DRAWTEXT(VARC AND 买入>0, 100, '多'),colorwhite /* [对齐失效] 同花顺不支持VALIGN，若文字重叠请手动加减本行的价格参数(如 +10) */;
DRAWTEXT(VARD AND 卖出<0, 100, '●'),colorcyan /* [对齐失效] 同花顺不支持VALIGN，若文字重叠请手动加减本行的价格参数(如 +10) */;
DRAWTEXT(VARD AND 卖出<0, 100, '空'),colorwhite /* [对齐失效] 同花顺不支持VALIGN，若文字重叠请手动加减本行的价格参数(如 +10) */;